ce: 1 0 0 0 0 0 0 0 12 0 0 0 0 0 0 0
gs: 1 2 3 4 0 0 0 0
gs2: 1 2 3 4 0 0 0 0
gt: 68 65 6c 6c 6f 0 0 0 0 0 0 0 0 0 0 0 2a 0 0 0 0 0 0 0
gu: 3 0 0 0 0 0 0 0 5 6 7 8 0 0 0 0 4 0 0 0 0 0 0 0 68 75 68 75 0 0 0 0 0 0 0 0 0 0 0 0 2b 0 0 0 0 0 0 0
gu2: 3 0 0 0 0 0 0 0 5 6 7 8 0 0 0 0 4 0 0 0 0 0 0 0 68 75 68 75 0 0 0 0 0 0 0 0 0 0 0 0 2b 0 0 0 0 0 0 0
gu3: 3 0 0 0 0 0 0 0 5 6 7 8 0 0 0 0 4 0 0 0 0 0 0 0 68 75 68 75 0 0 0 0 0 0 0 0 0 0 0 0 2b 0 0 0 0 0 0 0
gu4: 3 0 0 0 0 0 0 0 5 6 7 0 0 0 0 0 5 0 0 0 0 0 0 0 62 6c 61 0 0 0 0 0 0 0 0 0 0 0 0 0 2c 0 0 0 0 0 0 0
gs3: 1 2 3 4 0 0 0 0
gv: 3 4 5 6 0 0 0 0 68 61 68 61 0 0 0 0 0 0 0 0 0 0 0 0 2d 0 0 0 0 0 0 0 2e 0 0 0 0 0 0 0
gv2: 7 8 9 a 0 0 0 0 68 69 68 69 0 0 0 0 0 0 0 0 0 0 0 0 2f 0 0 0 0 0 0 0 30 0 0 0 0 0 0 0
gv3: 7 8 9 a 0 0 0 0 68 6f 68 6f 0 0 0 0 0 0 0 0 0 0 0 0 31 0 0 0 0 0 0 0 32 0 0 0 0 0 0 0
sinit16: 1 0 0 0 0 0 0 0 2 0 0 0 0 0 0 0
gw: 1 2 3 4 0 0 0 0 0 0 0 0 0 0 0 0 0 0 0 0 0 0 0 0 0 0 0 0 0 0 0 0 0 0 0 0 0 0 0 0
gsu: 5 0 0 0 0 0 0 0 6 0 0 0 0 0 0 0
guv: 6 5 0 0 0 0 0 0
guv.b: 5
guv2: 8 7 0 0 0 0 0 0
guv3: 7 8 0 0 0 0 0 0
phdr: 6 5 4 3 0 0 0 0 0 0 0 0 0 0 0 0 9 8 7 6 0 0 0 0 0 0 0 0 0 0 0 0
ls: 1 2 3 4 0 0 0 0
ls2: 1 2 3 4 0 0 0 0
lt: 68 65 6c 6c 6f 0 0 0 0 0 0 0 0 0 0 0 2a 0 0 0 0 0 0 0
lu: 3 0 0 0 0 0 0 0 5 6 7 8 0 0 0 0 4 0 0 0 0 0 0 0 68 75 68 75 0 0 0 0 0 0 0 0 0 0 0 0 2b 0 0 0 0 0 0 0
lu1: 3 7f e 0 0 0 0 0 1 2 3 4 0 0 0 0 4 0 0 0 0 0 0 0 68 75 68 75 0 0 0 0 0 0 0 0 0 0 0 0 2b a 0 1 0 0 0 0
lu2: 3 0 0 0 0 0 0 0 1 2 3 4 0 0 0 0 4 0 0 0 0 0 0 0 68 75 68 75 0 0 0 0 0 0 0 0 0 0 0 0 2b 0 0 0 0 0 0 0
ls21: 1 2 3 4 0 0 0 0
lu21: 3 ff ff ff 0 0 0 0 1 2 3 4 0 0 0 0 4 0 0 0 0 0 0 0 68 75 68 75 0 0 0 0 0 0 0 0 0 0 0 0 2b 0 0 0 0 0 0 0
lu22: 3 d2 10 0 0 0 0 0 1 2 3 4 0 0 0 0 4 ff ff ff 0 0 0 0 68 75 68 75 0 0 0 0 0 0 0 0 0 0 0 0 2b 0 0 0 0 0 0 0
lu3: 3 0 0 0 0 0 0 0 5 6 7 8 0 0 0 0 4 0 0 0 0 0 0 0 68 75 68 75 0 0 0 0 0 0 0 0 0 0 0 0 2b 0 0 0 0 0 0 0
lu4: 3 0 0 0 0 0 0 0 5 6 7 0 0 0 0 0 5 0 0 0 0 0 0 0 62 6c 61 0 0 0 0 0 0 0 0 0 0 0 0 0 2c 0 0 0 0 0 0 0
ls3: 1 2 3 4 0 0 0 0
lv: 3 4 5 6 0 0 0 0 68 61 68 61 0 0 0 0 0 0 0 0 0 0 0 0 2d 0 0 0 0 0 0 0 2e 0 0 0 0 0 0 0
lv2: 1 2 3 4 0 0 0 0 68 69 68 69 0 0 0 0 0 0 0 0 0 0 0 0 2f 20 0 0 0 0 0 0 30 0 0 0 0 0 0 0
lv3: 7 8 9 a 0 0 0 0 0 0 0 0 0 0 0 0 0 0 0 0 0 0 0 0 0 0 0 0 0 0 0 0 32 0 0 0 0 0 33 30
lt2: 0 9 9 9 43 43 43 43 42 42 42 0 0 0 0 0 1 0 0 0 0 0 0 0
flow: 9 8 7 6 0 0 0 0 0 0 0 0 0 0 0 0 6 5 4 3 0 0 0 0 0 0 0 0 0 0 0 0
one
two
three
sea_fill0: okay
sea_fill1: okay
sea_fill2: okay
